2024-08-14 01:52:07.800 | DEBUG    | train.trainer:train_and_evaluate:370 - train_loss:-1.9663105006560586,index:0
2024-08-14 01:52:07.813 | DEBUG    | train.trainer:train_and_evaluate:372 - train_predict_location_evaluation:293572.825765625,index:0
2024-08-14 01:52:07.813 | DEBUG    | train.trainer:train_and_evaluate:374 - train_predict_velocity_evaluation:96496.67819604492,index:0
2024-08-14 01:52:07.814 | DEBUG    | train.trainer:train_and_evaluate:376 - train_update_location_evaluation:52326.14151953125,index:0
2024-08-14 01:52:07.814 | DEBUG    | train.trainer:train_and_evaluate:378 - train_update_velocity_evaluation:118899.89259985351,index:0
2024-08-14 03:32:39.837 | DEBUG    | train.trainer:train_and_evaluate:370 - train_loss:-3.199194615499675,index:1
2024-08-14 03:32:39.840 | DEBUG    | train.trainer:train_and_evaluate:372 - train_predict_location_evaluation:278116.357890625,index:1
2024-08-14 03:32:39.840 | DEBUG    | train.trainer:train_and_evaluate:374 - train_predict_velocity_evaluation:12937.988414306641,index:1
2024-08-14 03:32:39.840 | DEBUG    | train.trainer:train_and_evaluate:376 - train_update_location_evaluation:10738.158205200196,index:1
2024-08-14 03:32:39.840 | DEBUG    | train.trainer:train_and_evaluate:378 - train_update_velocity_evaluation:11530.908448486329,index:1
2024-08-14 04:57:35.016 | DEBUG    | train.trainer:train_and_evaluate:370 - train_loss:-3.428970925959396,index:2
2024-08-14 04:57:35.024 | DEBUG    | train.trainer:train_and_evaluate:372 - train_predict_location_evaluation:282310.216375,index:2
2024-08-14 04:57:35.025 | DEBUG    | train.trainer:train_and_evaluate:374 - train_predict_velocity_evaluation:9824.219858154296,index:2
2024-08-14 04:57:35.025 | DEBUG    | train.trainer:train_and_evaluate:376 - train_update_location_evaluation:9132.88094116211,index:2
2024-08-14 04:57:35.025 | DEBUG    | train.trainer:train_and_evaluate:378 - train_update_velocity_evaluation:8450.981237060547,index:2
2024-08-14 06:20:13.743 | DEBUG    | train.trainer:train_and_evaluate:370 - train_loss:-3.617905216062069,index:3
2024-08-14 06:20:13.749 | DEBUG    | train.trainer:train_and_evaluate:372 - train_predict_location_evaluation:195024.33599121094,index:3
2024-08-14 06:20:13.749 | DEBUG    | train.trainer:train_and_evaluate:374 - train_predict_velocity_evaluation:8915.51210913086,index:3
2024-08-14 06:20:13.749 | DEBUG    | train.trainer:train_and_evaluate:376 - train_update_location_evaluation:7224.590373596191,index:3
2024-08-14 06:20:13.750 | DEBUG    | train.trainer:train_and_evaluate:378 - train_update_velocity_evaluation:7797.460504638672,index:3
2024-08-14 07:43:38.837 | DEBUG    | train.trainer:train_and_evaluate:370 - train_loss:-4.179565627355952,index:4
2024-08-14 07:43:38.837 | DEBUG    | train.trainer:train_and_evaluate:372 - train_predict_location_evaluation:11178.063877441406,index:4
2024-08-14 07:43:38.837 | DEBUG    | train.trainer:train_and_evaluate:374 - train_predict_velocity_evaluation:7882.623186645508,index:4
2024-08-14 07:43:38.837 | DEBUG    | train.trainer:train_and_evaluate:376 - train_update_location_evaluation:5822.430993774414,index:4
2024-08-14 07:43:38.838 | DEBUG    | train.trainer:train_and_evaluate:378 - train_update_velocity_evaluation:7725.885590637207,index:4
